// Jest Snapshot v1, https://goo.gl/fbAQLP

exports[`Counter should match snapshot 1`] = `
<div>
  <button
    data-testid="counter-decrement"
    onClick={[Function]}
  >
    -
  </button>
  <div
    data-testid="counter-text"
  >
    1
  </div>
  <button
    data-testid="counter-increment"
    onClick={[Function]}
  >
    +
  </button>
</div>
`;
